[INFO] Scanning for projects...
[INFO] 
[INFO] ------------------< com.spendwise:spendwise-backend >-------------------
[INFO] Building spendwise 0.0.1-SNAPSHOT
[INFO]   from pom.xml
[INFO] --------------------------------[ jar ]---------------------------------
[INFO] 
[INFO] >>> spring-boot:3.2.0:run (default-cli) > test-compile @ spendwise-backend >>>
[INFO] 
[INFO] --- resources:3.3.1:resources (default-resources) @ spendwise-backend ---
[INFO] Copying 1 resource from src\main\resources to target\classes
[INFO] Copying 0 resource from src\main\resources to target\classes
[INFO] 
[INFO] --- compiler:3.11.0:compile (default-compile) @ spendwise-backend ---
[INFO] Nothing to compile - all classes are up to date
[INFO] 
[INFO] --- resources:3.3.1:testResources (default-testResources) @ spendwise-backend ---
[INFO] skip non existing resourceDirectory C:\Users\ag120\Favorites\Spendwise\backend\src\test\resources
[INFO] 
[INFO] --- compiler:3.11.0:testCompile (default-testCompile) @ spendwise-backend ---
[INFO] No sources to compile
[INFO] 
[INFO] <<< spring-boot:3.2.0:run (default-cli) < test-compile @ spendwise-backend <<<
[INFO] 
[INFO] 
[INFO] --- spring-boot:3.2.0:run (default-cli) @ spendwise-backend ---
[INFO] Attaching agents: []

  .   ____          _            __ _ _
 /\\ / ___'_ __ _ _(_)_ __  __ _ \ \ \ \
( ( )\___ | '_ | '_| | '_ \/ _` | \ \ \ \
 \\/  ___)| |_)| | | | | || (_| |  ) ) ) )
  '  |____| .__|_| |_|_| |_\__, | / / / /
 =========|_|==============|___/=/_/_/_/
 :: Spring Boot ::                (v3.2.0)

2025-12-07T12:13:49.168+05:30  INFO 19720 --- [spendwise-backend] [           main] com.spendwise.SpendwiseApplication       : Starting SpendwiseApplication using Java 21.0.5 with PID 19720 (C:\Users\ag120\Favorites\Spendwise\backend\target\classes started by ag120 in C:\Users\ag120\Favorites\Spendwise\backend)
2025-12-07T12:13:49.195+05:30  INFO 19720 --- [spendwise-backend] [           main] com.spendwise.SpendwiseApplication       : No active profile set, falling back to 1 default profile: "default"
2025-12-07T12:13:50.832+05:30  INFO 19720 --- [spendwise-backend] [           main] .s.d.r.c.RepositoryConfigurationDelegate : Bootstrapping Spring Data JPA repositories in DEFAULT mode.
2025-12-07T12:13:50.941+05:30  INFO 19720 --- [spendwise-backend] [           main] .s.d.r.c.RepositoryConfigurationDelegate : Finished Spring Data repository scanning in 94 ms. Found 3 JPA repository interfaces.
2025-12-07T12:13:51.953+05:30  INFO 19720 --- [spendwise-backend] [           main] o.s.b.w.embedded.tomcat.TomcatWebServer  : Tomcat initialized with port 8080 (http)
2025-12-07T12:13:51.970+05:30  INFO 19720 --- [spendwise-backend] [           main] o.apache.catalina.core.StandardService   : Starting service [Tomcat]
2025-12-07T12:13:51.973+05:30  INFO 19720 --- [spendwise-backend] [           main] o.apache.catalina.core.StandardEngine    : Starting Servlet engine: [Apache Tomcat/10.1.16]
2025-12-07T12:13:52.062+05:30  INFO 19720 --- [spendwise-backend] [           main] o.a.c.c.C.[Tomcat].[localhost].[/]       : Initializing Spring embedded WebApplicationContext
2025-12-07T12:13:52.062+05:30  INFO 19720 --- [spendwise-backend] [           main] w.s.c.ServletWebServerApplicationContext : Root WebApplicationContext: initialization completed in 2514 ms
2025-12-07T12:13:52.262+05:30  INFO 19720 --- [spendwise-backend] [           main] o.hibernate.jpa.internal.util.LogHelper  : HHH000204: Processing PersistenceUnitInfo [name: default]
2025-12-07T12:13:52.332+05:30  INFO 19720 --- [spendwise-backend] [           main] org.hibernate.Version                    : HHH000412: Hibernate ORM core version 6.3.1.Final
2025-12-07T12:13:52.373+05:30  INFO 19720 --- [spendwise-backend] [           main] o.h.c.internal.RegionFactoryInitiator    : HHH000026: Second-level cache disabled
2025-12-07T12:13:52.730+05:30  INFO 19720 --- [spendwise-backend] [           main] o.s.o.j.p.SpringPersistenceUnitInfo      : No LoadTimeWeaver setup: ignoring JPA class transformer
2025-12-07T12:13:52.760+05:30  INFO 19720 --- [spendwise-backend] [           main] com.zaxxer.hikari.HikariDataSource       : HikariPool-1 - Starting...
2025-12-07T12:13:52.988+05:30  INFO 19720 --- [spendwise-backend] [           main] com.zaxxer.hikari.pool.HikariPool        : HikariPool-1 - Added connection com.mysql.cj.jdbc.ConnectionImpl@537ca28e
2025-12-07T12:13:52.996+05:30  INFO 19720 --- [spendwise-backend] [           main] com.zaxxer.hikari.HikariDataSource       : HikariPool-1 - Start completed.
2025-12-07T12:13:53.083+05:30  WARN 19720 --- [spendwise-backend] [           main] org.hibernate.orm.deprecation            : HHH90000025: MySQLDialect does not need to be specified explicitly using 'hibernate.dialect' (remove the property setting and it will be selected by default)
2025-12-07T12:13:54.280+05:30  INFO 19720 --- [spendwise-backend] [           main] o.h.e.t.j.p.i.JtaPlatformInitiator       : HHH000489: No JTA platform available (set 'hibernate.transaction.jta.platform' to enable JTA platform integration)
2025-12-07T12:13:54.346+05:30  INFO 19720 --- [spendwise-backend] [           main] j.LocalContainerEntityManagerFactoryBean : Initialized JPA EntityManagerFactory for persistence unit 'default'
2025-12-07T12:13:55.130+05:30  WARN 19720 --- [spendwise-backend] [           main] JpaBaseConfiguration$JpaWebConfiguration : spring.jpa.open-in-view is enabled by default. Therefore, database queries may be performed during view rendering. Explicitly configure spring.jpa.open-in-view to disable this warning
2025-12-07T12:13:55.532+05:30  INFO 19720 --- [spendwise-backend] [           main] o.s.s.web.DefaultSecurityFilterChain     : Will secure any request with [org.springframework.security.web.session.DisableEncodeUrlFilter@447a557b, org.springframework.security.web.context.request.async.WebAsyncManagerIntegrationFilter@7cab8d52, org.springframework.security.web.context.SecurityContextHolderFilter@1bc1aa9e, org.springframework.security.web.header.HeaderWriterFilter@568fd3de, org.springframework.web.filter.CorsFilter@141eb85b, org.springframework.security.web.authentication.logout.LogoutFilter@7fba492e, com.spendwise.security.jwt.AuthTokenFilter@571c7572, org.springframework.security.web.savedrequest.RequestCacheAwareFilter@647b3fd3, org.springframework.security.web.servletapi.SecurityContextHolderAwareRequestFilter@4e68aede, org.springframework.security.web.authentication.AnonymousAuthenticationFilter@7d432bc0, org.springframework.security.web.session.SessionManagementFilter@310cc4d, org.springframework.security.web.access.ExceptionTranslationFilter@71c91121, org.springframework.security.web.access.intercept.AuthorizationFilter@16e5c19f]
2025-12-07T12:13:55.869+05:30  WARN 19720 --- [spendwise-backend] [           main] ConfigServletWebServerApplicationContext : Exception encountered during context initialization - cancelling refresh attempt: org.springframework.context.ApplicationContextException: Failed to start bean 'webServerStartStop'
2025-12-07T12:13:55.873+05:30  INFO 19720 --- [spendwise-backend] [           main] j.LocalContainerEntityManagerFactoryBean : Closing JPA EntityManagerFactory for persistence unit 'default'
2025-12-07T12:13:55.873+05:30  INFO 19720 --- [spendwise-backend] [           main] com.zaxxer.hikari.HikariDataSource       : HikariPool-1 - Shutdown initiated...
2025-12-07T12:13:55.882+05:30  INFO 19720 --- [spendwise-backend] [           main] com.zaxxer.hikari.HikariDataSource       : HikariPool-1 - Shutdown completed.
2025-12-07T12:13:55.899+05:30  INFO 19720 --- [spendwise-backend] [           main] .s.b.a.l.ConditionEvaluationReportLogger : 

Error starting ApplicationContext. To display the condition evaluation report re-run your application with 'debug' enabled.
2025-12-07T12:13:55.922+05:30 ERROR 19720 --- [spendwise-backend] [           main] o.s.b.d.LoggingFailureAnalysisReporter   : 

***************************
APPLICATION FAILED TO START
***************************

Description:

Web server failed to start. Port 8080 was already in use.

Action:

Identify and stop the process that's listening on port 8080 or configure this application to listen on another port.

[INFO] ------------------------------------------------------------------------
[INFO] BUILD FAILURE
[INFO] ------------------------------------------------------------------------
[INFO] Total time:  12.584 s
[INFO] Finished at: 2025-12-07T12:13:55+05:30
[INFO] ------------------------------------------------------------------------
[ERROR] Failed to execute goal org.springframework.boot:spring-boot-maven-plugin:3.2.0:run (default-cli) on project spendwise-backend: Process terminated with exit code: 1 -> [Help 1]
[ERROR] 
[ERROR] To see the full stack trace of the errors, re-run Maven with the -e switch.
[ERROR] Re-run Maven using the -X switch to enable full debug logging.
[ERROR] 
[ERROR] For more information about the errors and possible solutions, please read the following articles:
[ERROR] [Help 1] http://cwiki.apache.org/confluence/display/MAVEN/MojoExecutionException
